Using Python 3.11.15 environment at: .venv_ext_moshi
Resolved 59 packages in 413ms
Downloading nvidia-nvjitlink-cu12 (37.4MiB)
Downloading aiohttp (1.6MiB)
Downloading numpy (16.0MiB)
Downloading nvidia-cuda-cupti-cu12 (9.8MiB)
Downloading sphn (17.3MiB)
Downloading nvidia-cufile-cu12 (1.1MiB)
Downloading torch (858.1MiB)
Downloading nvidia-nvshmem-cu12 (118.9MiB)
Downloading bitsandbytes (57.8MiB)
Downloading triton (162.5MiB)
Downloading nvidia-cufft-cu12 (184.2MiB)
Downloading torchaudio (1.7MiB)
Downloading nvidia-cudnn-cu12 (674.0MiB)
Downloading nvidia-cublas-cu12 (566.8MiB)
Downloading nvidia-cuda-nvrtc-cu12 (84.0MiB)
Downloading nvidia-cusolver-cu12 (255.1MiB)
Downloading nvidia-cusparselt-cu12 (273.9MiB)
Downloading nvidia-curand-cu12 (60.7MiB)
Downloading nvidia-cusparse-cu12 (274.9MiB)
Downloading nvidia-nccl-cu12 (307.4MiB)
 Downloaded nvidia-cufile-cu12
 Downloaded aiohttp
 Downloaded torchaudio
 Downloaded nvidia-cuda-cupti-cu12
 Downloaded numpy
 Downloaded sphn
 Downloaded nvidia-nvjitlink-cu12
 Downloaded bitsandbytes
 Downloaded nvidia-curand-cu12
 Downloaded nvidia-cuda-nvrtc-cu12
 Downloaded nvidia-nvshmem-cu12
 Downloaded triton
 Downloaded nvidia-cufft-cu12
 Downloaded nvidia-cusolver-cu12
 Downloaded nvidia-cusparselt-cu12
 Downloaded nvidia-cusparse-cu12
 Downloaded nvidia-nccl-cu12
 Downloaded nvidia-cublas-cu12
 Downloaded nvidia-cudnn-cu12
 Downloaded torch
Prepared 25 packages in 35.93s
Installed 59 packages in 134ms
 + aiohappyeyeballs==2.7.1
 + aiohttp==3.11.18
 + aiosignal==1.4.0
 + attrs==26.1.0
 + bitsandbytes==0.49.2
 + certifi==2026.6.17
 + cffi==2.0.0
 + charset-normalizer==3.4.7
 + click==8.4.2
 + einops==0.8.2
 + filelock==3.29.5
 + frozenlist==1.8.0
 + fsspec==2026.6.0
 + hf-xet==1.5.1
 + huggingface-hub==0.36.2
 + idna==3.18
 + jinja2==3.1.6
 + jiwer==4.0.0
 + markupsafe==3.0.3
 + moshi==0.2.13
 + mpmath==1.3.0
 + multidict==6.7.1
 + networkx==3.6.1
 + numpy==2.2.6
 + nvidia-cublas-cu12==12.8.4.1
 + nvidia-cuda-cupti-cu12==12.8.90
 + nvidia-cuda-nvrtc-cu12==12.8.93
 + nvidia-cuda-runtime-cu12==12.8.90
 + nvidia-cudnn-cu12==9.10.2.21
 + nvidia-cufft-cu12==11.3.3.83
 + nvidia-cufile-cu12==1.13.1.3
 + nvidia-curand-cu12==10.3.9.90
 + nvidia-cusolver-cu12==11.7.3.90
 + nvidia-cusparse-cu12==12.5.8.93
 + nvidia-cusparselt-cu12==0.7.1
 + nvidia-nccl-cu12==2.27.5
 + nvidia-nvjitlink-cu12==12.8.93
 + nvidia-nvshmem-cu12==3.3.20
 + nvidia-nvtx-cu12==12.8.90
 + packaging==26.2
 + propcache==0.5.2
 + pyarrow==24.0.0
 + pycparser==3.0
 + pyyaml==6.0.3
 + rapidfuzz==3.14.5
 + requests==2.34.2
 + safetensors==0.7.0
 + sentencepiece==0.2.1
 + sounddevice==0.5.0
 + soundfile==0.14.0
 + sphn==0.2.1
 + sympy==1.14.0
 + torch==2.9.1
 + torchaudio==2.11.0
 + tqdm==4.68.3
 + triton==3.5.1
 + typing-extensions==4.16.0
 + urllib3==2.7.0
 + yarl==1.24.2
MOSHI_INSTALL_DONE exit=0
