Using Python 3.11.15 environment at: .venv_ext_nemo
Resolved 189 packages in 1.47s
Downloading ml-dtypes (4.8MiB)
Downloading jedi (4.7MiB)
Downloading nvidia-nvshmem-cu13 (57.6MiB)
Downloading nvidia-cusparselt-cu13 (162.3MiB)
Downloading nvidia-cusolver (191.6MiB)
Downloading numba (3.6MiB)
Downloading sqlalchemy (3.2MiB)
Downloading kiwisolver (1.4MiB)
Downloading nvidia-nvjitlink (38.8MiB)
Downloading nvidia-cuda-nvrtc (86.0MiB)
Downloading nvidia-cublas (403.5MiB)
Downloading sympy (6.0MiB)
Downloading matplotlib (9.6MiB)
Downloading nvidia-curand (56.8MiB)
Downloading nvidia-cuda-cupti (10.2MiB)
Downloading nvidia-cufft (204.2MiB)
Downloading nvidia-cuda-runtime (2.1MiB)
Downloading nvidia-cufile (1.2MiB)
Downloading grpcio (6.5MiB)
Downloading tensorboard-data-server (6.3MiB)
Downloading llvmlite (57.1MiB)
Downloading sentencepiece (1.3MiB)
Downloading setuptools (1.0MiB)
Downloading nvidia-cudnn-cu13 (349.2MiB)
Downloading nvidia-nccl-cu13 (196.4MiB)
Downloading nvidia-cusparse (139.2MiB)
Downloading cytoolz (2.7MiB)
Downloading nemo-toolkit (5.7MiB)
Downloading fonttools (4.8MiB)
Downloading scikit-learn (8.9MiB)
Downloading libcst (2.2MiB)
Downloading resampy (2.9MiB)
Downloading onnx (18.2MiB)
Downloading torch (507.5MiB)
Downloading tensorboard (5.3MiB)
Downloading triton (188.5MiB)
Downloading cuda-bindings (6.4MiB)
Downloading wandb (25.5MiB)
 Downloaded nvidia-cufile
 Downloaded setuptools
 Downloaded sentencepiece
 Downloaded kiwisolver
 Downloaded nvidia-cuda-runtime
   Building kaldi-python-io==1.2.2
   Building antlr4-python3-runtime==4.9.3
   Building wget==3.2
   Building sox==1.5.0
      Built kaldi-python-io==1.2.2
      Built wget==3.2
      Built sox==1.5.0
      Built antlr4-python3-runtime==4.9.3
 Downloaded cytoolz
 Downloaded libcst
 Downloaded resampy
 Downloaded sqlalchemy
 Downloaded numba
 Downloaded ml-dtypes
 Downloaded fonttools
 Downloaded tensorboard
 Downloaded sympy
 Downloaded nemo-toolkit
 Downloaded tensorboard-data-server
 Downloaded cuda-bindings
 Downloaded grpcio
 Downloaded scikit-learn
 Downloaded matplotlib
 Downloaded nvidia-cuda-cupti
 Downloaded jedi
 Downloaded onnx
 Downloaded wandb
 Downloaded nvidia-nvjitlink
 Downloaded llvmlite
 Downloaded nvidia-curand
 Downloaded nvidia-nvshmem-cu13
 Downloaded nvidia-cuda-nvrtc
 Downloaded nvidia-cusparse
 Downloaded nvidia-cusparselt-cu13
 Downloaded triton
 Downloaded nvidia-cusolver
 Downloaded nvidia-nccl-cu13
 Downloaded nvidia-cufft
 Downloaded nvidia-cudnn-cu13
 Downloaded nvidia-cublas
 Downloaded torch
Prepared 129 packages in 34.09s
Installed 189 packages in 292ms
 + absl-py==2.5.0
 + accelerate==1.14.0
 + aiohappyeyeballs==2.7.1
 + aiohttp==3.14.1
 + aiosignal==1.4.0
 + alembic==1.18.5
 + annotated-types==0.7.0
 + antlr4-python3-runtime==4.9.3
 + anyio==4.14.1
 + asttokens==3.0.1
 + attrs==26.1.0
 + audioread==3.1.0
 + braceexpand==0.1.7
 + certifi==2026.6.17
 + cffi==2.0.0
 + charset-normalizer==3.4.7
 + click==8.4.2
 + cloudpickle==3.1.2
 + colorama==0.4.6
 + colorlog==6.10.1
 + contourpy==1.3.3
 + cuda-bindings==13.3.1
 + cuda-pathfinder==1.5.6
 + cuda-toolkit==13.0.2
 + cycler==0.12.1
 + cytoolz==1.1.0
 + datasets==5.0.0
 + decorator==5.3.1
 + dill==0.4.1
 + editdistance==0.8.1
 + einops==0.8.2
 + executing==2.2.1
 + fiddle==0.3.0
 + filelock==3.29.5
 + fonttools==4.63.0
 + frozenlist==1.8.0
 + fsspec==2024.12.0
 + gitdb==4.0.12
 + gitpython==3.1.50
 + graphviz==0.21
 + greenlet==3.5.3
 + grpcio==1.81.1
 + h11==0.16.0
 + hf-xet==1.5.1
 + httpcore==1.0.9
 + httpx==0.28.1
 + huggingface-hub==0.36.2
 + hydra-core==1.3.2
 + idna==3.18
 + indic-numtowords==1.1.0
 + inflect==7.5.0
 + intervaltree==3.2.1
 + ipython==9.15.0
 + ipython-pygments-lexers==1.1.1
 + jedi==0.20.0
 + jinja2==3.1.6
 + jiwer==3.1.0
 + joblib==1.5.3
 + kaldi-python-io==1.2.2
 + kaldialign==0.9.1
 + kiwisolver==1.5.0
 + lazy-loader==0.5
 + lhotse==1.33.0
 + libcst==1.8.6
 + librosa==0.11.0
 + lightning==2.4.0
 + lightning-utilities==0.15.3
 + llvmlite==0.48.0
 + lxml==6.1.1
 + mako==1.3.12
 + markdown==3.10.2
 + markupsafe==3.0.3
 + marshmallow==4.3.0
 + matplotlib==3.11.0
 + matplotlib-inline==0.2.2
 + mediapy==1.1.6
 + ml-dtypes==0.5.4
 + more-itertools==11.1.0
 + mpmath==1.3.0
 + msgpack==1.2.1
 + multidict==6.7.1
 + multiprocess==0.70.19
 + narwhals==2.23.0
 + nemo-toolkit==2.7.3
 + networkx==3.6.1
 + numba==0.66.0
 + numexpr==2.13.1
 + numpy==2.4.6
 + nv-one-logger-core==2.3.1
 + nv-one-logger-pytorch-lightning-integration==2.3.1
 + nv-one-logger-training-telemetry==2.3.1
 + nvidia-cublas==13.1.1.3
 + nvidia-cuda-cupti==13.0.85
 + nvidia-cuda-nvrtc==13.0.88
 + nvidia-cuda-runtime==13.0.96
 + nvidia-cudnn-cu13==9.20.0.48
 + nvidia-cufft==12.0.0.61
 + nvidia-cufile==1.15.1.6
 + nvidia-curand==10.4.0.35
 + nvidia-cusolver==12.0.4.66
 + nvidia-cusparse==12.6.3.3
 + nvidia-cusparselt-cu13==0.8.1
 + nvidia-nccl-cu13==2.29.7
 + nvidia-nvjitlink==13.0.88
 + nvidia-nvshmem-cu13==3.4.5
 + nvidia-nvtx==13.0.85
 + omegaconf==2.3.0
 + onnx==1.22.0
 + optuna==4.9.0
 + overrides==7.7.0
 + packaging==24.2
 + pandas==3.0.3
 + parso==0.8.7
 + peft==0.19.1
 + pexpect==4.9.0
 + pillow==12.3.0
 + platformdirs==4.10.0
 + pooch==1.9.0
 + portalocker==3.2.0
 + prompt-toolkit==3.0.52
 + propcache==0.5.2
 + protobuf==5.29.6
 + psutil==7.2.2
 + ptyprocess==0.7.0
 + pure-eval==0.2.3
 + pyannote-core==6.0.1
 + pyannote-database==6.1.1
 + pyannote-metrics==4.1
 + pyarrow==24.0.0
 + pycparser==3.0
 + pydantic==2.13.4
 + pydantic-core==2.46.4
 + pydub==0.25.1
 + pygments==2.20.0
 + pyloudnorm==0.2.0
 + pyparsing==3.3.2
 + python-dateutil==2.9.0.post0
 + pytorch-lightning==2.6.5
 + pyyaml==6.0.3
 + rapidfuzz==3.14.5
 + regex==2026.6.28
 + requests==2.34.2
 + resampy==0.4.3
 + ruamel-yaml==0.19.1
 + sacrebleu==2.6.0
 + sacremoses==0.1.1
 + safetensors==0.8.0
 + scikit-learn==1.9.0
 + scipy==1.17.1
 + sentencepiece==0.2.1
 + sentry-sdk==2.64.0
 + setuptools==81.0.0
 + six==1.17.0
 + smmap==5.0.3
 + sortedcontainers==2.4.0
 + soundfile==0.14.0
 + sox==1.5.0
 + soxr==1.1.0
 + sqlalchemy==2.0.51
 + stack-data==0.6.3
 + strenum==0.4.15
 + sympy==1.14.0
 + tabulate==0.10.0
 + tensorboard==2.20.0
 + tensorboard-data-server==0.7.2
 + text-unidecode==1.3
 + threadpoolctl==3.6.0
 + tokenizers==0.22.2
 + toml==0.10.2
 + toolz==1.1.0
 + torch==2.12.1
 + torchmetrics==1.9.0
 + tqdm==4.68.3
 + traitlets==5.15.1
 + transformers==4.57.6
 + triton==3.7.1
 + typeguard==4.5.2
 + typing-extensions==4.16.0
 + typing-inspection==0.4.2
 + urllib3==2.7.0
 + wandb==0.28.0
 + wcwidth==0.8.2
 + webdataset==1.0.2
 + werkzeug==3.1.8
 + wget==3.2
 + whisper-normalizer==0.1.12
 + wrapt==2.2.2
 + xxhash==3.8.0
 + yarl==1.24.2
NEMO_INSTALL_DONE exit=0
